
D:\VinhPhatERP_v3\check_price.ts
  56:20  error  Parsing error: Expression expected

D:\VinhPhatERP_v3\scripts\explain-wo.ts
   3:1   error  '../src/services/supabase/untyped' import is restricted from being used by a pattern. Γ¥î Kh├┤ng d├╣ng relative imports. D├╣ng @/ alias thay thß║┐  no-restricted-imports
  32:49  error  Unexpected any. Specify a different type                                                                                                     @typescript-eslint/no-explicit-any

D:\VinhPhatERP_v3\scripts\inspect-bom.ts
  28:49  error  Unexpected any. Specify a different type  @typescript-eslint/no-explicit-any
  36:40  error  Unexpected any. Specify a different type  @typescript-eslint/no-explicit-any

D:\VinhPhatERP_v3\scripts\prove-bom-increment.ts
  3:1  error  '../src/services/supabase/untyped' import is restricted from being used by a pattern. Γ¥î Kh├┤ng d├╣ng relative imports. D├╣ng @/ alias thay thß║┐  no-restricted-imports

D:\VinhPhatERP_v3\scripts\query-bom.ts
  30:42  error  Unexpected any. Specify a different type  @typescript-eslint/no-explicit-any
  51:34  error  Unexpected any. Specify a different type  @typescript-eslint/no-explicit-any

D:\VinhPhatERP_v3\src\features\reports\ProductionSection.tsx
  88:9  error  Γ¥î Kh├┤ng ─æ╞░ß╗úc d├╣ng 'reduce' trong UI component. H├úy t├ích logic t├¡nh to├ín ra c├íc h├ám utils / use-case  no-restricted-syntax

D:\VinhPhatERP_v3\src\features\yarn-receipts\YarnReceiptsPage.tsx
  19:23  error  Γ¥î Kh├┤ng ─æ╞░ß╗úc d├╣ng 'reduce' trong UI component. H├úy t├ích logic t├¡nh to├ín ra c├íc h├ám utils / use-case  no-restricted-syntax

Γ£û 10 problems (10 errors, 0 warnings)

