src/api/bom.api.ts(1,15): error TS2305: Module '"@/features/bom/bom.module"' has no exported member 'BomTemplateFormData'.
src/api/bom.api.ts(146,47): error TS7006: Parameter 'item' implicitly has an 'any' type.
src/api/bom.api.ts(146,53): error TS7006: Parameter 'index' implicitly has an 'any' type.
src/api/bom.api.ts(197,47): error TS7006: Parameter 'item' implicitly has an 'any' type.
src/api/bom.api.ts(197,53): error TS7006: Parameter 'index' implicitly has an 'any' type.
src/api/dyeing-orders.api.ts(2,15): error TS2305: Module '"@/features/dyeing-orders/dyeing-orders.module"' has no exported member 'DyeingOrderFormValues'.
src/api/orders.api.ts(10,15): error TS2305: Module '"@/services/supabase/database.types"' has no exported member 'Database'.
src/api/shipments.api.ts(10,15): error TS2305: Module '"@/services/supabase/database.types"' has no exported member 'Database'.
src/api/weaving-invoices.api.ts(2,15): error TS2305: Module '"@/features/weaving-invoices/weaving-invoices.module"' has no exported member 'WeavingInvoiceFormValues'.
src/api/weaving-invoices.api.ts(115,35): error TS7006: Parameter 'r' implicitly has an 'any' type.
src/api/weaving-invoices.api.ts(115,38): error TS7006: Parameter 'idx' implicitly has an 'any' type.
src/api/weaving-invoices.api.ts(158,35): error TS7006: Parameter 'r' implicitly has an 'any' type.
src/api/weaving-invoices.api.ts(158,38): error TS7006: Parameter 'idx' implicitly has an 'any' type.
src/api/work-orders.api.ts(8,15): error TS2305: Module '"@/features/work-orders/work-orders.module"' has no exported member 'CreateWorkOrderInput'.
src/api/work-orders.api.ts(8,37): error TS2305: Module '"@/features/work-orders/work-orders.module"' has no exported member 'CompleteWorkOrderInput'.
src/api/work-orders.api.ts(152,47): error TS7006: Parameter 'req' implicitly has an 'any' type.
src/api/work-orders.api.ts(260,49): error TS7006: Parameter 'req' implicitly has an 'any' type.
src/app/layouts/AppShell.tsx(9,15): error TS2305: Module '"@/services/supabase/database.types"' has no exported member 'UserRole'.
src/app/router/ProtectedRoute.tsx(5,15): error TS2305: Module '"@/services/supabase/database.types"' has no exported member 'UserRole'.
src/app/router/routes.tsx(7,15): error TS2305: Module '"@/services/supabase/database.types"' has no exported member 'UserRole'.
src/features/auth/AuthProvider.tsx(14,15): error TS2305: Module '"@/services/supabase/database.types"' has no exported member 'Profile'.
src/features/bom/BomDetail.tsx(3,10): error TS2305: Module '"./bom.module"' has no exported member 'BOM_STATUS_LABELS'.
src/features/bom/BomDetail.tsx(139,39): error TS7006: Parameter 'item' implicitly has an 'any' type.
src/features/bom/BomForm.tsx(8,10): error TS2305: Module '"./bom.module"' has no exported member 'bomTemplateSchema'.
src/features/bom/BomForm.tsx(8,29): error TS2305: Module '"./bom.module"' has no exported member 'BomTemplateFormData'.
src/features/bom/BomForm.tsx(36,55): error TS7006: Parameter 'y' implicitly has an 'any' type.
src/features/bom/BomForm.tsx(64,41): error TS7006: Parameter 'acc' implicitly has an 'any' type.
src/features/bom/BomForm.tsx(64,46): error TS7006: Parameter 'curr' implicitly has an 'any' type.
src/features/bom/BomList.tsx(1,10): error TS2305: Module '"./bom.module"' has no exported member 'BOM_STATUS_LABELS'.
src/features/bom/BomPage.tsx(3,10): error TS2305: Module '"./bom.module"' has no exported member 'BOM_STATUSES'.
src/features/bom/BomPage.tsx(3,24): error TS2305: Module '"./bom.module"' has no exported member 'BOM_STATUS_LABELS'.
src/features/bom/BomPage.tsx(151,32): error TS7006: Parameter 's' implicitly has an 'any' type.
src/features/bom/types.ts(1,10): error TS2305: Module '"../../services/supabase/database.types"' has no exported member 'Database'.
src/features/bom/useBom.ts(16,15): error TS2305: Module '"./bom.module"' has no exported member 'BomTemplateFormData'.
src/features/customers/CustomerList.tsx(179,24): error TS7053: Element implicitly has an 'any' type because expression of type 'any' can't be used to index type 'Record<"referral" | "exhibition" | "zalo" | "facebook" | "online" | "direct" | "cold_call" | "other", string>'.
src/features/customers/CustomerList.tsx(186,24): error TS7053: Element implicitly has an 'any' type because expression of type 'any' can't be used to index type 'Record<"active" | "inactive", string>'.
src/features/dyeing-orders/DyeingOrderDetail.tsx(3,10): error TS2305: Module '"./dyeing-orders.module"' has no exported member 'DYEING_ORDER_STATUSES'.
src/features/dyeing-orders/DyeingOrderForm.tsx(6,3): error TS2305: Module '"./dyeing-orders.module"' has no exported member 'dyeingOrderSchema'.
src/features/dyeing-orders/DyeingOrderForm.tsx(7,3): error TS2305: Module '"./dyeing-orders.module"' has no exported member 'dyeingOrderDefaults'.
src/features/dyeing-orders/DyeingOrderForm.tsx(8,3): error TS2305: Module '"./dyeing-orders.module"' has no exported member 'emptyDyeingOrderItem'.
src/features/dyeing-orders/DyeingOrderForm.tsx(10,15): error TS2305: Module '"./dyeing-orders.module"' has no exported member 'DyeingOrderFormValues'.
src/features/dyeing-orders/DyeingOrdersPage.tsx(5,10): error TS2305: Module '"./dyeing-orders.module"' has no exported member 'DYEING_ORDER_STATUSES'.
src/features/dyeing-orders/useDyeingOrders.ts(17,15): error TS2305: Module '"./dyeing-orders.module"' has no exported member 'DyeingOrderFormValues'.
src/features/fabric-catalog/FabricCatalogForm.tsx(9,3): error TS2305: Module '"./fabric-catalog.module"' has no exported member 'fabricCatalogDefaultValues'.
src/features/fabric-catalog/FabricCatalogForm.tsx(10,3): error TS2305: Module '"./fabric-catalog.module"' has no exported member 'fabricCatalogSchema'.
src/features/fabric-catalog/FabricCatalogForm.tsx(11,3): error TS2305: Module '"./fabric-catalog.module"' has no exported member 'FABRIC_CATALOG_STATUS_LABELS'.
src/features/fabric-catalog/FabricCatalogForm.tsx(13,15): error TS2305: Module '"./fabric-catalog.module"' has no exported member 'FabricCatalogFormValues'.
src/features/fabric-catalog/FabricCatalogList.tsx(3,10): error TS2305: Module '"./fabric-catalog.module"' has no exported member 'FABRIC_CATALOG_STATUS_LABELS'.
src/features/fabric-catalog/useFabricCatalog.ts(12,15): error TS2305: Module '"./fabric-catalog.module"' has no exported member 'FabricCatalogFormValues'.
src/features/finished-fabric/FinishedFabricBulkForm.tsx(11,3): error TS2305: Module '"./finished-fabric.module"' has no exported member 'QUALITY_GRADE_LABELS'.
src/features/finished-fabric/FinishedFabricBulkForm.tsx(12,3): error TS2305: Module '"./finished-fabric.module"' has no exported member 'QUALITY_GRADES'.
src/features/finished-fabric/FinishedFabricBulkForm.tsx(13,3): error TS2305: Module '"./finished-fabric.module"' has no exported member 'ROLL_STATUS_LABELS'.
src/features/finished-fabric/FinishedFabricBulkForm.tsx(14,3): error TS2305: Module '"./finished-fabric.module"' has no exported member 'ROLL_STATUSES'.
src/features/finished-fabric/FinishedFabricBulkForm.tsx(15,3): error TS2305: Module '"./finished-fabric.module"' has no exported member 'bulkFinishedInputDefaults'.
src/features/finished-fabric/FinishedFabricBulkForm.tsx(16,3): error TS2305: Module '"./finished-fabric.module"' has no exported member 'bulkFinishedInputSchema'.
src/features/finished-fabric/FinishedFabricBulkForm.tsx(17,3): error TS2305: Module '"./finished-fabric.module"' has no exported member 'formatBulkRollNumber'.
src/features/finished-fabric/FinishedFabricBulkForm.tsx(19,15): error TS2305: Module '"./finished-fabric.module"' has no exported member 'BulkFinishedInputFormValues'.
src/features/finished-fabric/FinishedFabricBulkForm.tsx(205,45): error TS7006: Parameter 'r' implicitly has an 'any' type.
src/features/finished-fabric/FinishedFabricBulkForm.tsx(210,43): error TS7006: Parameter 'sum' implicitly has an 'any' type.
src/features/finished-fabric/FinishedFabricBulkForm.tsx(210,48): error TS7006: Parameter 'r' implicitly has an 'any' type.
src/features/finished-fabric/FinishedFabricBulkForm.tsx(462,52): error TS7006: Parameter 'g' implicitly has an 'any' type.
src/features/finished-fabric/FinishedFabricBulkForm.tsx(483,55): error TS7006: Parameter 's' implicitly has an 'any' type.
src/features/finished-fabric/FinishedFabricBulkForm.tsx(672,64): error TS7006: Parameter 'g' implicitly has an 'any' type.
src/features/finished-fabric/FinishedFabricForm.tsx(11,3): error TS2305: Module '"./finished-fabric.module"' has no exported member 'QUALITY_GRADE_LABELS'.
src/features/finished-fabric/FinishedFabricForm.tsx(12,3): error TS2305: Module '"./finished-fabric.module"' has no exported member 'QUALITY_GRADES'.
src/features/finished-fabric/FinishedFabricForm.tsx(13,3): error TS2305: Module '"./finished-fabric.module"' has no exported member 'ROLL_STATUS_LABELS'.
src/features/finished-fabric/FinishedFabricForm.tsx(14,3): error TS2305: Module '"./finished-fabric.module"' has no exported member 'ROLL_STATUSES'.
src/features/finished-fabric/FinishedFabricForm.tsx(15,3): error TS2305: Module '"./finished-fabric.module"' has no exported member 'finishedFabricDefaults'.
src/features/finished-fabric/FinishedFabricForm.tsx(16,3): error TS2305: Module '"./finished-fabric.module"' has no exported member 'finishedFabricSchema'.
src/features/finished-fabric/FinishedFabricForm.tsx(18,15): error TS2305: Module '"./finished-fabric.module"' has no exported member 'FinishedFabricFormValues'.
src/features/finished-fabric/FinishedFabricForm.tsx(289,48): error TS7006: Parameter 'g' implicitly has an 'any' type.
src/features/finished-fabric/FinishedFabricList.tsx(7,3): error TS2305: Module '"./finished-fabric.module"' has no exported member 'QUALITY_GRADE_LABELS'.
src/features/finished-fabric/FinishedFabricList.tsx(8,3): error TS2305: Module '"./finished-fabric.module"' has no exported member 'QUALITY_GRADES'.
src/features/finished-fabric/FinishedFabricList.tsx(9,3): error TS2305: Module '"./finished-fabric.module"' has no exported member 'ROLL_STATUS_LABELS'.
src/features/finished-fabric/FinishedFabricList.tsx(10,3): error TS2305: Module '"./finished-fabric.module"' has no exported member 'ROLL_STATUSES'.
src/features/finished-fabric/FinishedFabricList.tsx(161,33): error TS7006: Parameter 's' implicitly has an 'any' type.
src/features/finished-fabric/FinishedFabricList.tsx(178,34): error TS7006: Parameter 'g' implicitly has an 'any' type.
src/features/finished-fabric/TraceChainPanel.tsx(3,10): error TS2305: Module '"./finished-fabric.module"' has no exported member 'QUALITY_GRADE_LABELS'.
src/features/finished-fabric/types.ts(1,15): error TS2305: Module '"./finished-fabric.module"' has no exported member 'QUALITY_GRADES'.
src/features/finished-fabric/types.ts(1,31): error TS2305: Module '"./finished-fabric.module"' has no exported member 'ROLL_STATUSES'.
src/features/finished-fabric/useFinishedFabric.ts(16,15): error TS2305: Module '"./finished-fabric.module"' has no exported member 'FinishedFabricFormValues'.
src/features/finished-fabric/useFinishedFabric.ts(16,41): error TS2305: Module '"./finished-fabric.module"' has no exported member 'BulkFinishedInputFormValues'.
src/features/finished-fabric/useFinishedFabric.ts(17,10): error TS2305: Module '"./finished-fabric.module"' has no exported member 'findDuplicateRollNumbers'.
src/features/finished-fabric/useFinishedFabric.ts(107,38): error TS7006: Parameter 'row' implicitly has an 'any' type.
src/features/finished-fabric/useFinishedFabricExport.ts(7,10): error TS2305: Module '"./finished-fabric.module"' has no exported member 'QUALITY_GRADE_LABELS'.
src/features/finished-fabric/useFinishedFabricExport.ts(7,32): error TS2305: Module '"./finished-fabric.module"' has no exported member 'ROLL_STATUS_LABELS'.
src/features/order-kanban/useOrderKanban.ts(4,15): error TS2305: Module '"@/services/supabase/database.types"' has no exported member 'Database'.
src/features/order-progress/ProgressAuditLog.tsx(1,10): error TS2305: Module '"./order-progress.module"' has no exported member 'STAGE_LABELS'.
src/features/order-progress/ProgressAuditLog.tsx(1,24): error TS2305: Module '"./order-progress.module"' has no exported member 'STAGE_STATUS_LABELS'.
src/features/order-progress/ProgressBoard.tsx(3,10): error TS2305: Module '"./order-progress.module"' has no exported member 'PRODUCTION_STAGES'.
src/features/order-progress/ProgressBoard.tsx(3,29): error TS2305: Module '"./order-progress.module"' has no exported member 'STAGE_LABELS'.
src/features/order-progress/ProgressBoard.tsx(3,43): error TS2305: Module '"./order-progress.module"' has no exported member 'STAGE_STATUS_LABELS'.
src/features/order-progress/ProgressBoard.tsx(53,32): error TS2345: Argument of type 'import("D:/hoa-luc/vinhphat-app-v2/src/models/order-progress").OrderProgressWithOrder[]' is not assignable to parameter of type 'import("D:/hoa-luc/vinhphat-app-v2/src/features/order-progress/types").OrderProgressWithOrder[]'.
  Type 'import("D:/hoa-luc/vinhphat-app-v2/src/models/order-progress").OrderProgressWithOrder' is not assignable to type 'import("D:/hoa-luc/vinhphat-app-v2/src/features/order-progress/types").OrderProgressWithOrder'.
    Type 'OrderProgressWithOrder' is missing the following properties from type 'OrderProgress': id, stage, status, planned_date, and 5 more.
src/features/order-progress/ProgressBoard.tsx(102,37): error TS7006: Parameter 's' implicitly has an 'any' type.
src/features/order-progress/ProgressBoard.tsx(196,45): error TS7006: Parameter 'stageKey' implicitly has an 'any' type.
src/features/order-progress/ProgressDashboard.tsx(1,10): error TS2305: Module '"./order-progress.module"' has no exported member 'STAGE_LABELS'.
src/features/order-progress/ProgressDashboard.tsx(1,24): error TS2305: Module '"./order-progress.module"' has no exported member 'STAGE_STATUS_LABELS'.
src/features/order-progress/ProgressDashboard.tsx(60,11): error TS2322: Type '{ orderId: string; orderNumber: string; customerName: string; deliveryDate: string | null; orderStatus: string; stages: OrderProgressWithOrder[]; }[]' is not assignable to type 'DashboardOrder[]'.
  Type '{ orderId: string; orderNumber: string; customerName: string; deliveryDate: string | null; orderStatus: string; stages: OrderProgressWithOrder[]; }' is not assignable to type 'DashboardOrder'.
    Types of property 'stages' are incompatible.
      Type 'import("D:/hoa-luc/vinhphat-app-v2/src/models/order-progress").OrderProgressWithOrder[]' is not assignable to type 'import("D:/hoa-luc/vinhphat-app-v2/src/features/order-progress/types").OrderProgressWithOrder[]'.
        Type 'import("D:/hoa-luc/vinhphat-app-v2/src/models/order-progress").OrderProgressWithOrder' is not assignable to type 'import("D:/hoa-luc/vinhphat-app-v2/src/features/order-progress/types").OrderProgressWithOrder'.
          Type 'OrderProgressWithOrder' is missing the following properties from type 'OrderProgress': id, stage, status, planned_date, and 5 more.
src/features/order-progress/ProgressDashboard.tsx(71,11): error TS2322: Type '{ orderId: string; orderNumber: string; customerName: string; deliveryDate: string | null; orderStatus: string; stages: OrderProgressWithOrder[]; }[]' is not assignable to type 'DashboardOrder[]'.
  Type '{ orderId: string; orderNumber: string; customerName: string; deliveryDate: string | null; orderStatus: string; stages: OrderProgressWithOrder[]; }' is not assignable to type 'DashboardOrder'.
    Types of property 'stages' are incompatible.
      Type 'import("D:/hoa-luc/vinhphat-app-v2/src/models/order-progress").OrderProgressWithOrder[]' is not assignable to type 'import("D:/hoa-luc/vinhphat-app-v2/src/features/order-progress/types").OrderProgressWithOrder[]'.
        Type 'import("D:/hoa-luc/vinhphat-app-v2/src/models/order-progress").OrderProgressWithOrder' is not assignable to type 'import("D:/hoa-luc/vinhphat-app-v2/src/features/order-progress/types").OrderProgressWithOrder'.
          Type 'OrderProgressWithOrder' is missing the following properties from type 'OrderProgress': id, stage, status, planned_date, and 5 more.
src/features/order-progress/ProgressDashboard.tsx(82,11): error TS2322: Type '{ orderId: string; orderNumber: string; customerName: string; deliveryDate: string | null; orderStatus: string; stages: OrderProgressWithOrder[]; }[]' is not assignable to type 'DashboardOrder[]'.
  Type '{ orderId: string; orderNumber: string; customerName: string; deliveryDate: string | null; orderStatus: string; stages: OrderProgressWithOrder[]; }' is not assignable to type 'DashboardOrder'.
    Types of property 'stages' are incompatible.
      Type 'import("D:/hoa-luc/vinhphat-app-v2/src/models/order-progress").OrderProgressWithOrder[]' is not assignable to type 'import("D:/hoa-luc/vinhphat-app-v2/src/features/order-progress/types").OrderProgressWithOrder[]'.
        Type 'import("D:/hoa-luc/vinhphat-app-v2/src/models/order-progress").OrderProgressWithOrder' is not assignable to type 'import("D:/hoa-luc/vinhphat-app-v2/src/features/order-progress/types").OrderProgressWithOrder'.
          Type 'OrderProgressWithOrder' is missing the following properties from type 'OrderProgress': id, stage, status, planned_date, and 5 more.
src/features/order-progress/ProgressDashboard.tsx(93,11): error TS2322: Type '{ orderId: string; orderNumber: string; customerName: string; deliveryDate: string | null; orderStatus: string; stages: OrderProgressWithOrder[]; }[]' is not assignable to type 'DashboardOrder[]'.
  Type '{ orderId: string; orderNumber: string; customerName: string; deliveryDate: string | null; orderStatus: string; stages: OrderProgressWithOrder[]; }' is not assignable to type 'DashboardOrder'.
    Types of property 'stages' are incompatible.
      Type 'import("D:/hoa-luc/vinhphat-app-v2/src/models/order-progress").OrderProgressWithOrder[]' is not assignable to type 'import("D:/hoa-luc/vinhphat-app-v2/src/features/order-progress/types").OrderProgressWithOrder[]'.
        Type 'import("D:/hoa-luc/vinhphat-app-v2/src/models/order-progress").OrderProgressWithOrder' is not assignable to type 'import("D:/hoa-luc/vinhphat-app-v2/src/features/order-progress/types").OrderProgressWithOrder'.
          Type 'OrderProgressWithOrder' is missing the following properties from type 'OrderProgress': id, stage, status, planned_date, and 5 more.
src/features/order-progress/ProgressTimeline.tsx(3,10): error TS2305: Module '"./order-progress.module"' has no exported member 'PRODUCTION_STAGES'.
src/features/order-progress/ProgressTimeline.tsx(3,29): error TS2305: Module '"./order-progress.module"' has no exported member 'STAGE_LABELS'.
src/features/order-progress/ProgressTimeline.tsx(3,43): error TS2305: Module '"./order-progress.module"' has no exported member 'STAGE_STATUS_LABELS'.
src/features/order-progress/ProgressTimeline.tsx(78,33): error TS7006: Parameter 'stageKey' implicitly has an 'any' type.
src/features/order-progress/ProgressTimeline.tsx(78,43): error TS7006: Parameter 'idx' implicitly has an 'any' type.
src/features/orders/OrderDetail.tsx(7,10): error TS2305: Module '"./orders.module"' has no exported member 'ORDER_STATUS_LABELS'.
src/features/orders/OrderDetail.tsx(221,26): error TS7006: Parameter 'a' implicitly has an 'any' type.
src/features/orders/OrderDetail.tsx(221,29): error TS7006: Parameter 'b' implicitly has an 'any' type.
src/features/orders/OrderDetail.tsx(222,25): error TS7006: Parameter 'item' implicitly has an 'any' type.
src/features/orders/OrderDetail.tsx(222,31): error TS7006: Parameter 'idx' implicitly has an 'any' type.
src/features/orders/OrderDetail.tsx(254,29): error TS2322: Type 'import("D:/hoa-luc/vinhphat-app-v2/src/models/order-progress").OrderProgress[]' is not assignable to type 'import("D:/hoa-luc/vinhphat-app-v2/src/features/order-progress/types").OrderProgress[]'.
  Type 'OrderProgress' is missing the following properties from type 'OrderProgress': id, stage, status, planned_date, and 5 more.
src/features/orders/OrderForm.tsx(17,3): error TS2305: Module '"./orders.module"' has no exported member 'emptyOrderItem'.
src/features/orders/OrderForm.tsx(18,3): error TS2305: Module '"./orders.module"' has no exported member 'ordersDefaultValues'.
src/features/orders/OrderForm.tsx(19,3): error TS2305: Module '"./orders.module"' has no exported member 'ordersSchema'.
src/features/orders/OrderForm.tsx(20,3): error TS2305: Module '"./orders.module"' has no exported member 'UNIT_OPTIONS'.
src/features/orders/OrderForm.tsx(22,15): error TS2305: Module '"./orders.module"' has no exported member 'OrdersFormValues'.
src/features/orders/OrderForm.tsx(60,6): error TS7006: Parameter 'sum' implicitly has an 'any' type.
src/features/orders/OrderForm.tsx(60,11): error TS7006: Parameter 'it' implicitly has an 'any' type.
src/features/orders/OrderForm.tsx(461,62): error TS7006: Parameter 'opt' implicitly has an 'any' type.
src/features/orders/OrderList.tsx(8,10): error TS2305: Module '"./orders.module"' has no exported member 'ORDER_STATUS_LABELS'.
src/features/orders/orders.module.test.ts(4,3): error TS2305: Module '"@/features/orders/orders.module"' has no exported member 'ORDER_STATUS_LABELS'.
src/features/orders/orders.module.test.ts(5,3): error TS2305: Module '"@/features/orders/orders.module"' has no exported member 'ORDER_STATUSES'.
src/features/orders/orders.module.test.ts(6,3): error TS2305: Module '"@/features/orders/orders.module"' has no exported member 'emptyOrderItem'.
src/features/orders/orders.module.test.ts(7,3): error TS2305: Module '"@/features/orders/orders.module"' has no exported member 'orderItemSchema'.
src/features/orders/orders.module.test.ts(8,3): error TS2305: Module '"@/features/orders/orders.module"' has no exported member 'ordersDefaultValues'.
src/features/orders/orders.module.test.ts(9,3): error TS2305: Module '"@/features/orders/orders.module"' has no exported member 'ordersSchema'.
src/features/orders/useCreateOrderV2.ts(22,15): error TS2305: Module '"./orders.module"' has no exported member 'OrdersFormValues'.
src/features/orders/useCreateOrderV2.ts(111,30): error TS2339: Property 'orderNumber' does not exist on type 'CreateOrderInput'.
src/features/orders/useCreateOrderV2.ts(112,30): error TS2339: Property 'customerId' does not exist on type 'CreateOrderInput'.
src/features/orders/useCreateOrderV2.ts(113,30): error TS2339: Property 'orderDate' does not exist on type 'CreateOrderInput'.
src/features/orders/useCreateOrderV2.ts(114,30): error TS2339: Property 'deliveryDate' does not exist on type 'CreateOrderInput'.
src/features/orders/useCreateOrderV2.ts(115,30): error TS2339: Property 'notes' does not exist on type 'CreateOrderInput'.
src/features/orders/useCreateOrderV2.ts(118,18): error TS2339: Property 'items' does not exist on type 'CreateOrderInput'.
src/features/orders/useCreateOrderV2.ts(118,28): error TS7006: Parameter 'item' implicitly has an 'any' type.
src/features/orders/useCreateOrderV2.ts(161,23): error TS2339: Property 'items' does not exist on type 'CreateOrderInput'.
src/features/orders/useCreateOrderV2.ts(162,6): error TS7006: Parameter 'sum' implicitly has an 'any' type.
src/features/orders/useCreateOrderV2.ts(162,11): error TS7006: Parameter 'it' implicitly has an 'any' type.
src/features/orders/useCreateOrderV2.ts(168,27): error TS2339: Property 'orderNumber' does not exist on type 'CreateOrderInput'.
src/features/orders/useCreateOrderV2.ts(169,26): error TS2339: Property 'customerId' does not exist on type 'CreateOrderInput'.
src/features/orders/useCreateOrderV2.ts(170,25): error TS2339: Property 'orderDate' does not exist on type 'CreateOrderInput'.
src/features/orders/useCreateOrderV2.ts(171,28): error TS2339: Property 'deliveryDate' does not exist on type 'CreateOrderInput'.
src/features/orders/useCreateOrderV2.ts(173,20): error TS2339: Property 'notes' does not exist on type 'CreateOrderInput'.
src/features/orders/useCreateOrderV2.ts(176,11): error TS2339: Property 'items' does not exist on type 'CreateOrderInput'.
src/features/orders/useCreateOrderV2.ts(176,22): error TS7006: Parameter 'item' implicitly has an 'any' type.
src/features/orders/useCreateOrderV2.ts(176,28): error TS7006: Parameter 'idx' implicitly has an 'any' type.
src/features/orders/useCreateOrderV2.ts(190,24): error TS2339: Property 'orderNumber' does not exist on type 'CreateOrderInput'.
src/features/orders/useCreateOrderV2.ts(199,32): error TS2339: Property 'orderNumber' does not exist on type 'CreateOrderInput'.
src/features/orders/useOrders.ts(15,15): error TS2305: Module '"./orders.module"' has no exported member 'OrdersFormValues'.
src/features/orders/useOrders.ts(55,10): error TS7006: Parameter 'sum' implicitly has an 'any' type.
src/features/orders/useOrders.ts(55,15): error TS7006: Parameter 'it' implicitly has an 'any' type.
src/features/orders/useOrders.ts(69,27): error TS7006: Parameter 'item' implicitly has an 'any' type.
src/features/orders/useOrders.ts(69,33): error TS7006: Parameter 'idx' implicitly has an 'any' type.
src/features/orders/useOrders.ts(99,10): error TS7006: Parameter 'sum' implicitly has an 'any' type.
src/features/orders/useOrders.ts(99,15): error TS7006: Parameter 'it' implicitly has an 'any' type.
src/features/orders/useOrders.ts(113,27): error TS7006: Parameter 'item' implicitly has an 'any' type.
src/features/orders/useOrders.ts(113,33): error TS7006: Parameter 'idx' implicitly has an 'any' type.
src/features/payments/AccountForm.tsx(9,3): error TS2305: Module '"./payments.module"' has no exported member 'ACCOUNT_TYPES'.
src/features/payments/AccountForm.tsx(10,3): error TS2305: Module '"./payments.module"' has no exported member 'ACCOUNT_TYPE_LABELS'.
src/features/payments/AccountForm.tsx(11,3): error TS2305: Module '"./payments.module"' has no exported member 'accountDefaultValues'.
src/features/payments/AccountForm.tsx(12,3): error TS2305: Module '"./payments.module"' has no exported member 'accountSchema'.
src/features/payments/AccountForm.tsx(14,15): error TS2305: Module '"./payments.module"' has no exported member 'AccountFormValues'.
src/features/payments/AccountForm.tsx(104,49): error TS7006: Parameter 't' implicitly has an 'any' type.
src/features/payments/AccountList.tsx(5,10): error TS2305: Module '"./payments.module"' has no exported member 'ACCOUNT_TYPE_LABELS'.
src/features/payments/CashFlowDashboard.tsx(3,10): error TS2305: Module '"./payments.module"' has no exported member 'EXPENSE_CATEGORY_LABELS'.
src/features/payments/ExpenseForm.tsx(9,3): error TS2305: Module '"./payments.module"' has no exported member 'EXPENSE_CATEGORIES'.
src/features/payments/ExpenseForm.tsx(10,3): error TS2305: Module '"./payments.module"' has no exported member 'EXPENSE_CATEGORY_LABELS'.
src/features/payments/ExpenseForm.tsx(11,3): error TS2305: Module '"./payments.module"' has no exported member 'expenseDefaultValues'.
src/features/payments/ExpenseForm.tsx(12,3): error TS2305: Module '"./payments.module"' has no exported member 'expenseSchema'.
src/features/payments/ExpenseForm.tsx(14,15): error TS2305: Module '"./payments.module"' has no exported member 'ExpenseFormValues'.
src/features/payments/ExpenseForm.tsx(132,54): error TS7006: Parameter 'c' implicitly has an 'any' type.
src/features/payments/ExpenseList.tsx(6,10): error TS2305: Module '"./payments.module"' has no exported member 'EXPENSE_CATEGORIES'.
src/features/payments/ExpenseList.tsx(6,30): error TS2305: Module '"./payments.module"' has no exported member 'EXPENSE_CATEGORY_LABELS'.
src/features/payments/ExpenseList.tsx(95,38): error TS7006: Parameter 'c' implicitly has an 'any' type.
src/features/payments/PaymentForm.tsx(9,3): error TS2305: Module '"./payments.module"' has no exported member 'PAYMENT_METHOD_LABELS'.
src/features/payments/PaymentForm.tsx(10,3): error TS2305: Module '"./payments.module"' has no exported member 'paymentsDefaultValues'.
src/features/payments/PaymentForm.tsx(11,3): error TS2305: Module '"./payments.module"' has no exported member 'paymentsSchema'.
src/features/payments/PaymentForm.tsx(13,15): error TS2305: Module '"./payments.module"' has no exported member 'PaymentsFormValues'.
src/features/payments/PaymentList.tsx(6,10): error TS2305: Module '"./payments.module"' has no exported member 'PAYMENT_METHOD_LABELS'.
src/features/payments/useAccounts.ts(10,15): error TS2305: Module '"./payments.module"' has no exported member 'AccountFormValues'.
src/features/payments/useExpenses.ts(11,15): error TS2305: Module '"./payments.module"' has no exported member 'ExpenseFormValues'.
src/features/payments/usePayments.ts(12,15): error TS2305: Module '"./payments.module"' has no exported member 'PaymentsFormValues'.
src/features/quotations/QuotationDetail.tsx(4,10): error TS2305: Module '"./quotations.module"' has no exported member 'QUOTATION_STATUS_LABELS'.
src/features/quotations/QuotationDetail.tsx(4,35): error TS2305: Module '"./quotations.module"' has no exported member 'QUOTATION_STATUS_ICONS'.
src/features/quotations/QuotationForm.tsx(13,3): error TS2305: Module '"./quotations.module"' has no exported member 'calculateQuotationTotals'.
src/features/quotations/QuotationForm.tsx(14,3): error TS2305: Module '"./quotations.module"' has no exported member 'DISCOUNT_TYPE_OPTIONS'.
src/features/quotations/QuotationForm.tsx(15,3): error TS2305: Module '"./quotations.module"' has no exported member 'emptyQuotationItem'.
src/features/quotations/QuotationForm.tsx(16,3): error TS2305: Module '"./quotations.module"' has no exported member 'quotationsDefaultValues'.
src/features/quotations/QuotationForm.tsx(17,3): error TS2305: Module '"./quotations.module"' has no exported member 'quotationsSchema'.
src/features/quotations/QuotationForm.tsx(18,3): error TS2305: Module '"./quotations.module"' has no exported member 'UNIT_OPTIONS'.
src/features/quotations/QuotationForm.tsx(19,3): error TS2305: Module '"./quotations.module"' has no exported member 'VAT_RATE_OPTIONS'.
src/features/quotations/QuotationForm.tsx(21,15): error TS2305: Module '"./quotations.module"' has no exported member 'QuotationsFormValues'.
src/features/quotations/QuotationForm.tsx(446,56): error TS7006: Parameter 'opt' implicitly has an 'any' type.
src/features/quotations/QuotationForm.tsx(509,55): error TS7006: Parameter 'opt' implicitly has an 'any' type.
src/features/quotations/QuotationForm.tsx(541,48): error TS7006: Parameter 'opt' implicitly has an 'any' type.
src/features/quotations/QuotationList.tsx(9,10): error TS2305: Module '"./quotations.module"' has no exported member 'QUOTATION_STATUS_LABELS'.
src/features/quotations/QuotationList.tsx(9,35): error TS2305: Module '"./quotations.module"' has no exported member 'QUOTATION_STATUS_ICONS'.
src/features/quotations/quotations.module.test.ts(4,3): error TS2305: Module '"./quotations.module"' has no exported member 'calculateQuotationTotals'.
src/features/quotations/quotations.module.test.ts(5,3): error TS2305: Module '"./quotations.module"' has no exported member 'quotationsSchema'.
src/features/quotations/quotations.module.test.ts(6,3): error TS2305: Module '"./quotations.module"' has no exported member 'quotationItemSchema'.
src/features/quotations/useQuotations.ts(18,15): error TS2305: Module '"./quotations.module"' has no exported member 'QuotationsFormValues'.
src/features/quotations/useQuotations.ts(19,10): error TS2305: Module '"./quotations.module"' has no exported member 'calculateQuotationTotals'.
src/features/quotations/useQuotations.ts(84,27): error TS7006: Parameter 'item' implicitly has an 'any' type.
src/features/quotations/useQuotations.ts(84,33): error TS7006: Parameter 'idx' implicitly has an 'any' type.
src/features/quotations/useQuotations.ts(142,27): error TS7006: Parameter 'item' implicitly has an 'any' type.
src/features/quotations/useQuotations.ts(142,33): error TS7006: Parameter 'idx' implicitly has an 'any' type.
src/features/raw-fabric/raw-fabric.module.test.ts(4,3): error TS2305: Module '"@/features/raw-fabric/raw-fabric.module"' has no exported member 'bulkInputDefaults'.
src/features/raw-fabric/raw-fabric.module.test.ts(5,3): error TS2305: Module '"@/features/raw-fabric/raw-fabric.module"' has no exported member 'bulkInputSchema'.
src/features/raw-fabric/raw-fabric.module.test.ts(6,3): error TS2305: Module '"@/features/raw-fabric/raw-fabric.module"' has no exported member 'findDuplicateRollNumbers'.
src/features/raw-fabric/raw-fabric.module.test.ts(7,3): error TS2305: Module '"@/features/raw-fabric/raw-fabric.module"' has no exported member 'formatBulkRollNumber'.
src/features/raw-fabric/raw-fabric.module.test.ts(74,38): error TS7006: Parameter 'issue' implicitly has an 'any' type.
src/features/raw-fabric/raw-fabric.module.test.ts(75,38): error TS7006: Parameter 'issue' implicitly has an 'any' type.
src/features/raw-fabric/RawFabricBulkForm.tsx(13,3): error TS2305: Module '"./raw-fabric.module"' has no exported member 'QUALITY_GRADE_LABELS'.
src/features/raw-fabric/RawFabricBulkForm.tsx(14,3): error TS2305: Module '"./raw-fabric.module"' has no exported member 'QUALITY_GRADES'.
src/features/raw-fabric/RawFabricBulkForm.tsx(15,3): error TS2305: Module '"./raw-fabric.module"' has no exported member 'ROLL_STATUS_LABELS'.
src/features/raw-fabric/RawFabricBulkForm.tsx(16,3): error TS2305: Module '"./raw-fabric.module"' has no exported member 'ROLL_STATUSES'.
src/features/raw-fabric/RawFabricBulkForm.tsx(17,3): error TS2305: Module '"./raw-fabric.module"' has no exported member 'bulkInputDefaults'.
src/features/raw-fabric/RawFabricBulkForm.tsx(18,3): error TS2305: Module '"./raw-fabric.module"' has no exported member 'bulkInputSchema'.
src/features/raw-fabric/RawFabricBulkForm.tsx(19,3): error TS2305: Module '"./raw-fabric.module"' has no exported member 'formatBulkRollNumber'.
src/features/raw-fabric/RawFabricBulkForm.tsx(21,15): error TS2305: Module '"./raw-fabric.module"' has no exported member 'BulkInputFormValues'.
src/features/raw-fabric/RawFabricBulkForm.tsx(104,45): error TS7006: Parameter 'r' implicitly has an 'any' type.
src/features/raw-fabric/RawFabricBulkForm.tsx(109,43): error TS7006: Parameter 'sum' implicitly has an 'any' type.
src/features/raw-fabric/RawFabricBulkForm.tsx(109,48): error TS7006: Parameter 'r' implicitly has an 'any' type.
src/features/raw-fabric/RawFabricBulkForm.tsx(294,52): error TS7006: Parameter 'g' implicitly has an 'any' type.
src/features/raw-fabric/RawFabricBulkForm.tsx(315,55): error TS7006: Parameter 's' implicitly has an 'any' type.
src/features/raw-fabric/RawFabricBulkForm.tsx(519,64): error TS7006: Parameter 'g' implicitly has an 'any' type.
src/features/raw-fabric/RawFabricForm.tsx(12,3): error TS2305: Module '"./raw-fabric.module"' has no exported member 'QUALITY_GRADE_LABELS'.
src/features/raw-fabric/RawFabricForm.tsx(13,3): error TS2305: Module '"./raw-fabric.module"' has no exported member 'QUALITY_GRADES'.
src/features/raw-fabric/RawFabricForm.tsx(14,3): error TS2305: Module '"./raw-fabric.module"' has no exported member 'ROLL_STATUS_LABELS'.
src/features/raw-fabric/RawFabricForm.tsx(15,3): error TS2305: Module '"./raw-fabric.module"' has no exported member 'ROLL_STATUSES'.
src/features/raw-fabric/RawFabricForm.tsx(16,3): error TS2305: Module '"./raw-fabric.module"' has no exported member 'rawFabricDefaults'.
src/features/raw-fabric/RawFabricForm.tsx(17,3): error TS2305: Module '"./raw-fabric.module"' has no exported member 'rawFabricSchema'.
src/features/raw-fabric/RawFabricForm.tsx(19,15): error TS2305: Module '"./raw-fabric.module"' has no exported member 'RawFabricFormValues'.
src/features/raw-fabric/RawFabricForm.tsx(283,50): error TS7006: Parameter 'g' implicitly has an 'any' type.
src/features/raw-fabric/RawFabricForm.tsx(302,53): error TS7006: Parameter 's' implicitly has an 'any' type.
src/features/raw-fabric/RawFabricList.tsx(7,3): error TS2305: Module '"./raw-fabric.module"' has no exported member 'QUALITY_GRADE_LABELS'.
src/features/raw-fabric/RawFabricList.tsx(8,3): error TS2305: Module '"./raw-fabric.module"' has no exported member 'QUALITY_GRADES'.
src/features/raw-fabric/RawFabricList.tsx(9,3): error TS2305: Module '"./raw-fabric.module"' has no exported member 'ROLL_STATUS_LABELS'.
src/features/raw-fabric/RawFabricList.tsx(10,3): error TS2305: Module '"./raw-fabric.module"' has no exported member 'ROLL_STATUSES'.
src/features/raw-fabric/RawFabricList.tsx(152,33): error TS7006: Parameter 's' implicitly has an 'any' type.
src/features/raw-fabric/RawFabricList.tsx(167,34): error TS7006: Parameter 'g' implicitly has an 'any' type.
src/features/raw-fabric/types.ts(1,15): error TS2305: Module '"./raw-fabric.module"' has no exported member 'QUALITY_GRADES'.
src/features/raw-fabric/types.ts(1,31): error TS2305: Module '"./raw-fabric.module"' has no exported member 'ROLL_STATUSES'.
src/features/raw-fabric/useRawFabric.ts(16,10): error TS2305: Module '"./raw-fabric.module"' has no exported member 'findDuplicateRollNumbers'.
src/features/raw-fabric/useRawFabric.ts(16,36): error TS2305: Module '"./raw-fabric.module"' has no exported member 'generateBarcode'.
src/features/raw-fabric/useRawFabric.ts(17,15): error TS2305: Module '"./raw-fabric.module"' has no exported member 'BulkInputFormValues'.
src/features/raw-fabric/useRawFabric.ts(18,15): error TS2305: Module '"./raw-fabric.module"' has no exported member 'RawFabricFormValues'.
src/features/raw-fabric/useRawFabric.ts(95,38): error TS7006: Parameter 'row' implicitly has an 'any' type.
src/features/raw-fabric/useRawFabricExport.ts(7,10): error TS2305: Module '"./raw-fabric.module"' has no exported member 'QUALITY_GRADE_LABELS'.
src/features/raw-fabric/useRawFabricExport.ts(7,32): error TS2305: Module '"./raw-fabric.module"' has no exported member 'ROLL_STATUS_LABELS'.
src/features/shipments/DeliveryConfirmForm.tsx(7,3): error TS2305: Module '"./shipments.module"' has no exported member 'deliveryConfirmSchema'.
src/features/shipments/DeliveryConfirmForm.tsx(8,3): error TS2305: Module '"./shipments.module"' has no exported member 'deliveryConfirmDefaultValues'.
src/features/shipments/DeliveryConfirmForm.tsx(10,15): error TS2305: Module '"./shipments.module"' has no exported member 'DeliveryConfirmFormValues'.
src/features/shipments/ShipmentForm.tsx(15,3): error TS2305: Module '"./shipments.module"' has no exported member 'emptyShipmentItem'.
src/features/shipments/ShipmentForm.tsx(16,3): error TS2305: Module '"./shipments.module"' has no exported member 'shipmentsDefaultValues'.
src/features/shipments/ShipmentForm.tsx(17,3): error TS2305: Module '"./shipments.module"' has no exported member 'shipmentsSchema'.
src/features/shipments/ShipmentForm.tsx(19,15): error TS2305: Module '"./shipments.module"' has no exported member 'ShipmentsFormValues'.
src/features/shipments/ShipmentForm.tsx(108,46): error TS7006: Parameter 'sum' implicitly has an 'any' type.
src/features/shipments/ShipmentForm.tsx(108,51): error TS7006: Parameter 'item' implicitly has an 'any' type.
src/features/shipments/ShipmentList.tsx(11,10): error TS2305: Module '"./shipments.module"' has no exported member 'SHIPMENT_STATUS_LABELS'.
src/features/shipments/useShipments.ts(21,15): error TS2305: Module '"./shipments.module"' has no exported member 'ShipmentsFormValues'.
src/features/shipments/useShipments.ts(21,36): error TS2305: Module '"./shipments.module"' has no exported member 'DeliveryConfirmFormValues'.
src/features/shipments/useShipments.ts(82,34): error TS7006: Parameter 'item' implicitly has an 'any' type.
src/features/shipping-rates/ShippingRateList.tsx(6,10): error TS2305: Module '"./shipping-rates.module"' has no exported member 'formatCurrency'.
src/features/shipping-rates/useShippingRates.ts(11,15): error TS2305: Module '"./shipping-rates.module"' has no exported member 'ShippingRateFormValues'.
src/features/suppliers/SupplierForm.tsx(9,3): error TS2305: Module '"./suppliers.module"' has no exported member 'SUPPLIER_CATEGORIES'.
src/features/suppliers/SupplierForm.tsx(10,3): error TS2305: Module '"./suppliers.module"' has no exported member 'SUPPLIER_CATEGORY_LABELS'.
src/features/suppliers/SupplierForm.tsx(11,3): error TS2305: Module '"./suppliers.module"' has no exported member 'SUPPLIER_STATUSES'.
src/features/suppliers/SupplierForm.tsx(12,3): error TS2305: Module '"./suppliers.module"' has no exported member 'SUPPLIER_STATUS_LABELS'.
src/features/suppliers/SupplierForm.tsx(13,3): error TS2305: Module '"./suppliers.module"' has no exported member 'supplierDefaults'.
src/features/suppliers/SupplierForm.tsx(14,3): error TS2305: Module '"./suppliers.module"' has no exported member 'supplierSchema'.
src/features/suppliers/SupplierForm.tsx(16,15): error TS2305: Module '"./suppliers.module"' has no exported member 'SupplierFormValues'.
src/features/suppliers/SupplierForm.tsx(219,55): error TS7006: Parameter 'cat' implicitly has an 'any' type.
src/features/suppliers/SupplierForm.tsx(239,53): error TS7006: Parameter 'st' implicitly has an 'any' type.
src/features/suppliers/suppliers.module.test.ts(4,3): error TS2305: Module '"@/features/suppliers/suppliers.module"' has no exported member 'SUPPLIER_CATEGORIES'.
src/features/suppliers/suppliers.module.test.ts(5,3): error TS2305: Module '"@/features/suppliers/suppliers.module"' has no exported member 'SUPPLIER_CATEGORY_LABELS'.
src/features/suppliers/suppliers.module.test.ts(6,3): error TS2305: Module '"@/features/suppliers/suppliers.module"' has no exported member 'SUPPLIER_STATUS_LABELS'.
src/features/suppliers/suppliers.module.test.ts(7,3): error TS2305: Module '"@/features/suppliers/suppliers.module"' has no exported member 'supplierDefaults'.
src/features/suppliers/suppliers.module.test.ts(8,3): error TS2305: Module '"@/features/suppliers/suppliers.module"' has no exported member 'supplierSchema'.
src/features/suppliers/SuppliersList.tsx(9,3): error TS2305: Module '"./suppliers.module"' has no exported member 'SUPPLIER_CATEGORIES'.
src/features/suppliers/SuppliersList.tsx(10,3): error TS2305: Module '"./suppliers.module"' has no exported member 'SUPPLIER_CATEGORY_LABELS'.
src/features/suppliers/SuppliersList.tsx(11,3): error TS2305: Module '"./suppliers.module"' has no exported member 'SUPPLIER_STATUSES'.
src/features/suppliers/SuppliersList.tsx(12,3): error TS2305: Module '"./suppliers.module"' has no exported member 'SUPPLIER_STATUS_LABELS'.
src/features/suppliers/SuppliersList.tsx(115,39): error TS7006: Parameter 'cat' implicitly has an 'any' type.
src/features/suppliers/SuppliersList.tsx(132,37): error TS7006: Parameter 'st' implicitly has an 'any' type.
src/features/suppliers/types.ts(1,15): error TS2305: Module '"./suppliers.module"' has no exported member 'SUPPLIER_CATEGORIES'.
src/features/suppliers/useSuppliers.ts(11,15): error TS2305: Module '"./suppliers.module"' has no exported member 'SupplierFormValues'.
src/features/weaving-invoices/useWeavingInvoices.ts(18,15): error TS2305: Module '"./weaving-invoices.module"' has no exported member 'WeavingInvoiceFormValues'.
src/features/weaving-invoices/WeavingInvoiceForm.tsx(19,3): error TS2305: Module '"./weaving-invoices.module"' has no exported member 'weavingInvoiceFormSchema'.
src/features/weaving-invoices/WeavingInvoiceForm.tsx(20,3): error TS2305: Module '"./weaving-invoices.module"' has no exported member 'weavingInvoiceDefaults'.
src/features/weaving-invoices/WeavingInvoiceForm.tsx(21,3): error TS2305: Module '"./weaving-invoices.module"' has no exported member 'QUALITY_GRADE_LABELS'.
src/features/weaving-invoices/WeavingInvoiceForm.tsx(22,3): error TS2305: Module '"./weaving-invoices.module"' has no exported member 'QUALITY_GRADES'.
src/features/weaving-invoices/WeavingInvoiceForm.tsx(24,15): error TS2305: Module '"./weaving-invoices.module"' has no exported member 'WeavingInvoiceFormValues'.
src/features/weaving-invoices/WeavingInvoiceForm.tsx(87,6): error TS7006: Parameter 'sum' implicitly has an 'any' type.
src/features/weaving-invoices/WeavingInvoiceForm.tsx(87,11): error TS7006: Parameter 'r' implicitly has an 'any' type.
src/features/weaving-invoices/WeavingInvoiceForm.tsx(276,46): error TS7006: Parameter 'g' implicitly has an 'any' type.
src/features/weaving-invoices/WeavingInvoiceList.tsx(12,10): error TS2305: Module '"./weaving-invoices.module"' has no exported member 'WEAVING_STATUS_LABELS'.
src/features/work-orders/useWorkOrderLogic.ts(5,15): error TS2305: Module '"./work-orders.module"' has no exported member 'CreateWorkOrderInput'.
src/features/work-orders/useWorkOrderLogic.ts(55,12): error TS7006: Parameter 'sum' implicitly has an 'any' type.
src/features/work-orders/useWorkOrderLogic.ts(55,17): error TS7006: Parameter 'y' implicitly has an 'any' type.
src/features/work-orders/useWorkOrderLogic.ts(65,44): error TS7006: Parameter 'y' implicitly has an 'any' type.
src/features/work-orders/useWorkOrderLogic.ts(79,48): error TS7006: Parameter 'r' implicitly has an 'any' type.
src/features/work-orders/useWorkOrders.ts(22,15): error TS2305: Module '"./work-orders.module"' has no exported member 'CreateWorkOrderInput'.
src/features/work-orders/useWorkOrders.ts(22,37): error TS2305: Module '"./work-orders.module"' has no exported member 'CompleteWorkOrderInput'.
src/features/work-orders/WorkOrderDetail.tsx(5,10): error TS2305: Module '"./work-orders.module"' has no exported member 'WORK_ORDER_STATUSES'.
src/features/work-orders/WorkOrderForm.tsx(18,10): error TS2305: Module '"./work-orders.module"' has no exported member 'createWorkOrderSchema'.
src/features/work-orders/WorkOrderForm.tsx(18,38): error TS2305: Module '"./work-orders.module"' has no exported member 'CreateWorkOrderInput'.
src/features/work-orders/WorkOrderList.tsx(9,10): error TS2305: Module '"./work-orders.module"' has no exported member 'WORK_ORDER_STATUSES'.
src/features/work-orders/WorkOrderYarnTable.tsx(4,15): error TS2305: Module '"./work-orders.module"' has no exported member 'CreateWorkOrderInput'.
src/features/work-orders/WorkOrderYarnTable.tsx(140,54): error TS7006: Parameter 'sum' implicitly has an 'any' type.
src/features/work-orders/WorkOrderYarnTable.tsx(140,59): error TS7006: Parameter 'item' implicitly has an 'any' type.
src/features/work-orders/WorkOrderYarnTable.tsx(143,54): error TS7006: Parameter 'sum' implicitly has an 'any' type.
src/features/work-orders/WorkOrderYarnTable.tsx(143,59): error TS7006: Parameter 'item' implicitly has an 'any' type.
src/features/yarn-catalog/useYarnCatalog.ts(13,15): error TS2305: Module '"./yarn-catalog.module"' has no exported member 'YarnCatalogFormValues'.
src/features/yarn-catalog/YarnCatalogForm.tsx(16,3): error TS2305: Module '"./yarn-catalog.module"' has no exported member 'yarnCatalogDefaultValues'.
src/features/yarn-catalog/YarnCatalogForm.tsx(17,3): error TS2305: Module '"./yarn-catalog.module"' has no exported member 'yarnCatalogSchema'.
src/features/yarn-catalog/YarnCatalogForm.tsx(18,3): error TS2305: Module '"./yarn-catalog.module"' has no exported member 'YARN_CATALOG_STATUS_LABELS'.
src/features/yarn-catalog/YarnCatalogForm.tsx(20,15): error TS2305: Module '"./yarn-catalog.module"' has no exported member 'YarnCatalogFormValues'.
src/features/yarn-catalog/YarnCatalogList.tsx(5,10): error TS2305: Module '"./yarn-catalog.module"' has no exported member 'YARN_CATALOG_STATUS_LABELS'.
src/features/yarn-receipts/useYarnReceipts.ts(16,15): error TS2305: Module '"./yarn-receipts.module"' has no exported member 'YarnReceiptsFormValues'.
src/features/yarn-receipts/useYarnReceipts.ts(67,34): error TS7006: Parameter 'item' implicitly has an 'any' type.
src/features/yarn-receipts/useYarnReceipts.ts(94,34): error TS7006: Parameter 'item' implicitly has an 'any' type.
src/features/yarn-receipts/YarnReceiptForm.tsx(19,3): error TS2305: Module '"./yarn-receipts.module"' has no exported member 'emptyItem'.
src/features/yarn-receipts/YarnReceiptForm.tsx(20,3): error TS2305: Module '"./yarn-receipts.module"' has no exported member 'yarnReceiptsDefaultValues'.
src/features/yarn-receipts/YarnReceiptForm.tsx(21,3): error TS2305: Module '"./yarn-receipts.module"' has no exported member 'yarnReceiptsSchema'.
src/features/yarn-receipts/YarnReceiptForm.tsx(23,15): error TS2305: Module '"./yarn-receipts.module"' has no exported member 'YarnReceiptsFormValues'.
src/features/yarn-receipts/YarnReceiptForm.tsx(73,6): error TS7006: Parameter 'sum' implicitly has an 'any' type.
src/features/yarn-receipts/YarnReceiptForm.tsx(73,11): error TS7006: Parameter 'it' implicitly has an 'any' type.
src/features/yarn-receipts/YarnReceiptList.tsx(8,10): error TS2305: Module '"./yarn-receipts.module"' has no exported member 'DOC_STATUS_LABELS'.
src/models/common.ts(1,15): error TS2305: Module '"@/services/supabase/database.types"' has no exported member 'Database'.
src/services/supabase/client.ts(3,15): error TS2305: Module '"./database.types"' has no exported member 'Database'.
src/shared/lib/FeatureRegistry.ts(1,15): error TS2305: Module '"@/services/supabase/database.types"' has no exported member 'UserRole'.
